
Allocating common symbols
Common symbol       size              file

thread_3_counter    0x4               /home/jay/work/sources/jayos/usr/task2.o
os_err_count        0x4               /home/jay/work/sources/jayos/os/fos.o
os_task_ready_list  0x4               /home/jay/work/sources/jayos/os/fos.o
os_timer            0xc8              /home/jay/work/sources/jayos/os/fos.o
thread_5_counter    0x4               /home/jay/work/sources/jayos/usr/task2.o
semaphore_0         0x8               /home/jay/work/sources/jayos/usr/task2.o
svc_stack           0x400             /home/jay/work/sources/jayos/os/fos.o
thread_7_counter    0x4               /home/jay/work/sources/jayos/usr/task2.o
irq_stack           0x1000            /home/jay/work/sources/jayos/os/fos.o
thread_0_counter    0x4               /home/jay/work/sources/jayos/usr/task2.o
os_status           0x1               /home/jay/work/sources/jayos/os/fos.o
thread_2_counter    0x4               /home/jay/work/sources/jayos/usr/task2.o
thread_4_counter    0x4               /home/jay/work/sources/jayos/usr/task2.o
os_timer_count      0x4               /home/jay/work/sources/jayos/os/fos.o
os_active_timer_count
                    0x1               /home/jay/work/sources/jayos/os/fos.o
os_active_timer_list
                    0x4               /home/jay/work/sources/jayos/os/fos.o
os_idle_timer_list  0x4               /home/jay/work/sources/jayos/os/fos.o
thread_1_counter    0x4               /home/jay/work/sources/jayos/usr/task2.o
mutex_0             0x8               /home/jay/work/sources/jayos/usr/task2.o
os_cur_task         0x4               /home/jay/work/sources/jayos/os/fos.o
exp_stack           0x80              /home/jay/work/sources/jayos/os/fos.o
thread_1_messages_sent
                    0x4               /home/jay/work/sources/jayos/usr/task2.o
thread_2_messages_received
                    0x4               /home/jay/work/sources/jayos/usr/task2.o
thread_6_counter    0x4               /home/jay/work/sources/jayos/usr/task2.o
os_best_task        0x4               /home/jay/work/sources/jayos/os/fos.o
os_task_num         0x1               /home/jay/work/sources/jayos/os/fos.o
os_schedule_lock    0x4               /home/jay/work/sources/jayos/os/fos.o
os_timer_cb         0x8               /home/jay/work/sources/jayos/bsp/gic.o
os_enable_rr        0x1               /home/jay/work/sources/jayos/os/fos.o

Memory Configuration

Name             Origin             Length             Attributes
*default*        0x00000000         0xffffffff

Linker script and memory map

LOAD /home/jay/work/sources/jayos/bsp/bootstrap.o
LOAD /home/jay/work/sources/jayos/bsp/exception_handlers.o
LOAD /home/jay/work/sources/jayos/bsp/aeabi.o
LOAD /home/jay/work/sources/jayos/bsp/gic.o
LOAD /home/jay/work/sources/jayos/bsp/uart.o
LOAD /home/jay/work/sources/jayos/bsp/vsprintf.o
LOAD /home/jay/work/sources/jayos/bsp/debug.o
LOAD /home/jay/work/sources/jayos/usr/main.o
LOAD /home/jay/work/sources/jayos/usr/task2.o
LOAD /home/jay/work/sources/jayos/os/fos.o
LOAD /home/jay/work/sources/jayos/os/fosarm.o
LOAD /home/jay/work/sources/jayos/os/fos_timer.o
LOAD /home/jay/work/sources/jayos/os/os_sem.o
LOAD /home/jay/work/sources/jayos/os/os_mutex.o
                0x00010000                . = 0x10000
                0x00010000                . = ALIGN (0x4)
                0x00010000                __text_start = .

.text           0x00010000     0x23f8
 *(.text)
 .text          0x00010000       0x70 /home/jay/work/sources/jayos/bsp/bootstrap.o
                0x00010000                _start
 .text          0x00010070      0x198 /home/jay/work/sources/jayos/bsp/exception_handlers.o
                0x00010070                reset_handler
                0x000100d8                EnableIRQ
                0x000100f4                DisableIRQ
                0x00010110                irq_handler
 .text          0x00010208      0x3d4 /home/jay/work/sources/jayos/bsp/aeabi.o
                0x00010208                __udivsi3
                0x00010208                __aeabi_uidiv
                0x000102f0                __umodsi3
                0x000103ac                __aeabi_idiv
                0x000103ac                __divsi3
                0x000104c4                __modsi3
                0x00010598                __aeabi_uidivmod
                0x000105b0                __aeabi_idivmod
                0x000105d8                __div0
 .text          0x000105dc       0x58 /home/jay/work/sources/jayos/bsp/gic.o
                0x000105dc                intr_irq_handler
 .text          0x00010634       0x20 /home/jay/work/sources/jayos/bsp/uart.o
                0x00010634                uart_putc_poll
 .text          0x00010654      0x6f4 /home/jay/work/sources/jayos/bsp/vsprintf.o
                0x00010908                prnt_strnlen
                0x0001092c                d_vsprintf
                0x00010d20                sprintf
 .text          0x00010d48       0x5c /home/jay/work/sources/jayos/bsp/debug.o
                0x00010d48                printf
 .text          0x00010da4       0x74 /home/jay/work/sources/jayos/usr/main.o
                0x00010da4                idle_task
                0x00010da8                __main
 .text          0x00010e18      0x3c0 /home/jay/work/sources/jayos/usr/task2.o
                0x00010e18                thread_5_entry
                0x00010e4c                thread_0_entry
                0x00010f64                thread_3_and_4_entry
                0x00010fe0                thread_6_and_7_entry
                0x0001105c                task_init
 .text          0x000111d8      0xa64 /home/jay/work/sources/jayos/os/fos.o
                0x000111d8                os_task_start
                0x000111ec                os_switching_rr
                0x00011250                os_init
                0x00011324                os_insert_to_ready_list
                0x00011418                os_remove_from_ready_list
                0x000115b0                os_set_best_task
                0x0001161c                os_start
                0x00011694                os_create_task
                0x00011770                os_clr_sigs
                0x000117a0                os_get_cur_task
                0x000117b0                os_enable_timer
                0x000117c4                os_disable_timer
                0x000117cc                os_insert_timer_to_active_list
                0x00011904                os_set_timer
                0x00011980                os_set_status
                0x00011a64                os_wait_sigs
                0x00011ac0                os_set_sigs
                0x00011b14                os_timer_expired
                0x00011b94                os_delay
 *fill*         0x00011c3c        0x4 
 .text          0x00011c40       0xbc /home/jay/work/sources/jayos/os/fosarm.o
                0x00011c40                os_schedule
                0x00011cc8                os_int_lock
                0x00011cdc                os_int_free
 .text          0x00011cfc       0x8c /home/jay/work/sources/jayos/os/fos_timer.o
                0x00011cfc                os_hw_timer_init
                0x00011d10                os_hw_timer_get_count
                0x00011d24                os_hw_timer_enable
                0x00011d4c                os_hw_timer_pause
                0x00011d64                os_hw_timer_disable
                0x00011d68                os_hw_timer_resume
                0x00011d80                os_hw_timer_get_global_count
 .text          0x00011d88      0x2fc /home/jay/work/sources/jayos/os/os_sem.o
                0x00011d88                os_sem_init
                0x00011de8                os_sem_getvalue
                0x00011df0                os_sem_wait
                0x00011f58                os_sem_trywait
                0x00011fc4                os_sem_post
 .text          0x00012084      0x374 /home/jay/work/sources/jayos/os/os_mutex.o
                0x00012084                os_mutex_init
                0x000120f4                os_mutex_wait
                0x000122a4                os_mutex_post
                0x000123f8                __text_end = .

.glue_7         0x000123f8        0x0
 .glue_7        0x000123f8        0x0 linker stubs

.glue_7t        0x000123f8        0x0
 .glue_7t       0x000123f8        0x0 linker stubs

.vfp11_veneer   0x000123f8        0x0
 .vfp11_veneer  0x000123f8        0x0 linker stubs

.v4_bx          0x000123f8        0x0
 .v4_bx         0x000123f8        0x0 linker stubs

.iplt           0x000123f8        0x0
 .iplt          0x000123f8        0x0 /home/jay/work/sources/jayos/bsp/bootstrap.o
                0x000123f8                . = ALIGN (0x4)
                0x000123f8                __rodata_start = .

.rodata         0x000123f8      0x454
 *(SORT(.rodata*))
 .rodata        0x000123f8       0x10 /home/jay/work/sources/jayos/bsp/vsprintf.o
 .rodata.str1.1
                0x00012408       0x28 /home/jay/work/sources/jayos/usr/main.o
 .rodata.str1.1
                0x00012430      0x1f3 /home/jay/work/sources/jayos/usr/task2.o
 .rodata.str1.1
                0x00012623      0x139 /home/jay/work/sources/jayos/os/fos.o
 .rodata.str1.1
                0x0001275c       0x1c /home/jay/work/sources/jayos/os/os_sem.o
 .rodata.str1.1
                0x00012778       0xd4 /home/jay/work/sources/jayos/os/os_mutex.o
                0x0001284c                __rodata_end = .

.rel.dyn        0x0001284c        0x0
 .rel.iplt      0x0001284c        0x0 /home/jay/work/sources/jayos/bsp/bootstrap.o
                0x0001284c                . = ALIGN (0x4)
                0x0001284c                __data_start = .

.data           0x0001284c        0xc
 *(.data)
 .data          0x0001284c        0x0 /home/jay/work/sources/jayos/bsp/bootstrap.o
 .data          0x0001284c        0x0 /home/jay/work/sources/jayos/bsp/exception_handlers.o
 .data          0x0001284c        0x0 /home/jay/work/sources/jayos/bsp/aeabi.o
 .data          0x0001284c        0x0 /home/jay/work/sources/jayos/bsp/gic.o
 .data          0x0001284c        0x0 /home/jay/work/sources/jayos/bsp/uart.o
 .data          0x0001284c        0x0 /home/jay/work/sources/jayos/bsp/vsprintf.o
 .data          0x0001284c        0x0 /home/jay/work/sources/jayos/bsp/debug.o
 .data          0x0001284c        0x0 /home/jay/work/sources/jayos/usr/main.o
 .data          0x0001284c        0x0 /home/jay/work/sources/jayos/usr/task2.o
 .data          0x0001284c        0xc /home/jay/work/sources/jayos/os/fos.o
                0x0001284c                exp_stack_top
                0x00012850                irq_stack_top
                0x00012854                svc_stack_top
 .data          0x00012858        0x0 /home/jay/work/sources/jayos/os/fosarm.o
 .data          0x00012858        0x0 /home/jay/work/sources/jayos/os/fos_timer.o
 .data          0x00012858        0x0 /home/jay/work/sources/jayos/os/os_sem.o
 .data          0x00012858        0x0 /home/jay/work/sources/jayos/os/os_mutex.o
                0x00012858                __data_end = .

.igot.plt       0x00012858        0x0
 .igot.plt      0x00012858        0x0 /home/jay/work/sources/jayos/bsp/bootstrap.o
                0x00012858                . = ALIGN (0x4)
                0x00012858                __bss_start = .

.bss            0x00012858     0x8821
 *(.bss)
 .bss           0x00012858        0x0 /home/jay/work/sources/jayos/bsp/bootstrap.o
 .bss           0x00012858        0x0 /home/jay/work/sources/jayos/bsp/exception_handlers.o
 .bss           0x00012858        0x0 /home/jay/work/sources/jayos/bsp/aeabi.o
 .bss           0x00012858        0x0 /home/jay/work/sources/jayos/bsp/gic.o
 .bss           0x00012858        0x0 /home/jay/work/sources/jayos/bsp/uart.o
 .bss           0x00012858        0x0 /home/jay/work/sources/jayos/bsp/vsprintf.o
 .bss           0x00012858        0x0 /home/jay/work/sources/jayos/bsp/debug.o
 .bss           0x00012858     0x1058 /home/jay/work/sources/jayos/usr/main.o
 .bss           0x000138b0     0x6210 /home/jay/work/sources/jayos/usr/task2.o
 .bss           0x00019ac0        0x0 /home/jay/work/sources/jayos/os/fos.o
 .bss           0x00019ac0        0x0 /home/jay/work/sources/jayos/os/fosarm.o
 .bss           0x00019ac0        0x0 /home/jay/work/sources/jayos/os/fos_timer.o
 .bss           0x00019ac0        0x0 /home/jay/work/sources/jayos/os/os_sem.o
 .bss           0x00019ac0        0x4 /home/jay/work/sources/jayos/os/os_mutex.o
 COMMON         0x00019ac4        0x8 /home/jay/work/sources/jayos/bsp/gic.o
                0x00019ac4                os_timer_cb
 COMMON         0x00019acc       0x38 /home/jay/work/sources/jayos/usr/task2.o
                0x00019acc                thread_3_counter
                0x00019ad0                thread_5_counter
                0x00019ad4                semaphore_0
                0x00019adc                thread_7_counter
                0x00019ae0                thread_0_counter
                0x00019ae4                thread_2_counter
                0x00019ae8                thread_4_counter
                0x00019aec                thread_1_counter
                0x00019af0                mutex_0
                0x00019af8                thread_1_messages_sent
                0x00019afc                thread_2_messages_received
                0x00019b00                thread_6_counter
 COMMON         0x00019b04     0x1575 /home/jay/work/sources/jayos/os/fos.o
                0x00019b04                os_err_count
                0x00019b08                os_task_ready_list
                0x00019b0c                os_timer
                0x00019bd4                svc_stack
                0x00019fd4                irq_stack
                0x0001afd4                os_status
                0x0001afd8                os_timer_count
                0x0001afdc                os_active_timer_count
                0x0001afe0                os_active_timer_list
                0x0001afe4                os_idle_timer_list
                0x0001afe8                os_cur_task
                0x0001afec                exp_stack
                0x0001b06c                os_best_task
                0x0001b070                os_task_num
                0x0001b074                os_schedule_lock
                0x0001b078                os_enable_rr
                0x0001b079                __bss_end = .

/DISCARD/
 *(.dynstr*)
 *(.dynamic*)
 *(.plt*)
 *(.interp*)
 *(.gnu*)
OUTPUT(/home/jay/work/sources/jayos/fos.elf elf32-littlearm)

.ARM.attributes
                0x00000000       0x25
 .ARM.attributes
                0x00000000       0x19 /home/jay/work/sources/jayos/bsp/bootstrap.o
 .ARM.attributes
                0x00000019       0x19 /home/jay/work/sources/jayos/bsp/exception_handlers.o
 .ARM.attributes
                0x00000032       0x19 /home/jay/work/sources/jayos/bsp/aeabi.o
 .ARM.attributes
                0x0000004b       0x32 /home/jay/work/sources/jayos/bsp/gic.o
 .ARM.attributes
                0x0000007d       0x32 /home/jay/work/sources/jayos/bsp/uart.o
 .ARM.attributes
                0x000000af       0x32 /home/jay/work/sources/jayos/bsp/vsprintf.o
 .ARM.attributes
                0x000000e1       0x32 /home/jay/work/sources/jayos/bsp/debug.o
 .ARM.attributes
                0x00000113       0x32 /home/jay/work/sources/jayos/usr/main.o
 .ARM.attributes
                0x00000145       0x32 /home/jay/work/sources/jayos/usr/task2.o
 .ARM.attributes
                0x00000177       0x32 /home/jay/work/sources/jayos/os/fos.o
 .ARM.attributes
                0x000001a9       0x19 /home/jay/work/sources/jayos/os/fosarm.o
 .ARM.attributes
                0x000001c2       0x32 /home/jay/work/sources/jayos/os/fos_timer.o
 .ARM.attributes
                0x000001f4       0x32 /home/jay/work/sources/jayos/os/os_sem.o
 .ARM.attributes
                0x00000226       0x32 /home/jay/work/sources/jayos/os/os_mutex.o

.comment        0x00000000       0x6e
 .comment       0x00000000       0x6e /home/jay/work/sources/jayos/bsp/gic.o
                                 0x6f (size before relaxing)
 .comment       0x0000006e       0x6f /home/jay/work/sources/jayos/bsp/uart.o
 .comment       0x0000006e       0x6f /home/jay/work/sources/jayos/bsp/vsprintf.o
 .comment       0x0000006e       0x6f /home/jay/work/sources/jayos/bsp/debug.o
 .comment       0x0000006e       0x6f /home/jay/work/sources/jayos/usr/main.o
 .comment       0x0000006e       0x6f /home/jay/work/sources/jayos/usr/task2.o
 .comment       0x0000006e       0x6f /home/jay/work/sources/jayos/os/fos.o
 .comment       0x0000006e       0x6f /home/jay/work/sources/jayos/os/fos_timer.o
 .comment       0x0000006e       0x6f /home/jay/work/sources/jayos/os/os_sem.o
 .comment       0x0000006e       0x6f /home/jay/work/sources/jayos/os/os_mutex.o

.debug_line     0x00000000     0x1021
 .debug_line    0x00000000       0x70 /home/jay/work/sources/jayos/bsp/bootstrap.o
 .debug_line    0x00000070       0xd7 /home/jay/work/sources/jayos/bsp/exception_handlers.o
 .debug_line    0x00000147       0xb7 /home/jay/work/sources/jayos/bsp/aeabi.o
 .debug_line    0x000001fe       0x8e /home/jay/work/sources/jayos/bsp/gic.o
 .debug_line    0x0000028c       0x61 /home/jay/work/sources/jayos/bsp/uart.o
 .debug_line    0x000002ed      0x1f6 /home/jay/work/sources/jayos/bsp/vsprintf.o
 .debug_line    0x000004e3       0xd2 /home/jay/work/sources/jayos/bsp/debug.o
 .debug_line    0x000005b5       0xfa /home/jay/work/sources/jayos/usr/main.o
 .debug_line    0x000006af      0x1de /home/jay/work/sources/jayos/usr/task2.o
 .debug_line    0x0000088d      0x34a /home/jay/work/sources/jayos/os/fos.o
 .debug_line    0x00000bd7       0x88 /home/jay/work/sources/jayos/os/fosarm.o
 .debug_line    0x00000c5f       0xac /home/jay/work/sources/jayos/os/fos_timer.o
 .debug_line    0x00000d0b      0x17f /home/jay/work/sources/jayos/os/os_sem.o
 .debug_line    0x00000e8a      0x197 /home/jay/work/sources/jayos/os/os_mutex.o

.debug_info     0x00000000     0x345a
 .debug_info    0x00000000       0x72 /home/jay/work/sources/jayos/bsp/bootstrap.o
 .debug_info    0x00000072       0x7b /home/jay/work/sources/jayos/bsp/exception_handlers.o
 .debug_info    0x000000ed       0x6e /home/jay/work/sources/jayos/bsp/aeabi.o
 .debug_info    0x0000015b       0xd5 /home/jay/work/sources/jayos/bsp/gic.o
 .debug_info    0x00000230       0x57 /home/jay/work/sources/jayos/bsp/uart.o
 .debug_info    0x00000287      0x60c /home/jay/work/sources/jayos/bsp/vsprintf.o
 .debug_info    0x00000893      0x179 /home/jay/work/sources/jayos/bsp/debug.o
 .debug_info    0x00000a0c      0x398 /home/jay/work/sources/jayos/usr/main.o
 .debug_info    0x00000da4      0x9cc /home/jay/work/sources/jayos/usr/task2.o
 .debug_info    0x00001770      0xe03 /home/jay/work/sources/jayos/os/fos.o
 .debug_info    0x00002573       0x6e /home/jay/work/sources/jayos/os/fosarm.o
 .debug_info    0x000025e1      0x18e /home/jay/work/sources/jayos/os/fos_timer.o
 .debug_info    0x0000276f      0x61a /home/jay/work/sources/jayos/os/os_sem.o
 .debug_info    0x00002d89      0x6d1 /home/jay/work/sources/jayos/os/os_mutex.o

.debug_abbrev   0x00000000      0xf0c
 .debug_abbrev  0x00000000       0x14 /home/jay/work/sources/jayos/bsp/bootstrap.o
 .debug_abbrev  0x00000014       0x14 /home/jay/work/sources/jayos/bsp/exception_handlers.o
 .debug_abbrev  0x00000028       0x14 /home/jay/work/sources/jayos/bsp/aeabi.o
 .debug_abbrev  0x0000003c       0xae /home/jay/work/sources/jayos/bsp/gic.o
 .debug_abbrev  0x000000ea       0x53 /home/jay/work/sources/jayos/bsp/uart.o
 .debug_abbrev  0x0000013d      0x262 /home/jay/work/sources/jayos/bsp/vsprintf.o
 .debug_abbrev  0x0000039f      0x150 /home/jay/work/sources/jayos/bsp/debug.o
 .debug_abbrev  0x000004ef      0x12f /home/jay/work/sources/jayos/usr/main.o
 .debug_abbrev  0x0000061e      0x190 /home/jay/work/sources/jayos/usr/task2.o
 .debug_abbrev  0x000007ae      0x33e /home/jay/work/sources/jayos/os/fos.o
 .debug_abbrev  0x00000aec       0x14 /home/jay/work/sources/jayos/os/fosarm.o
 .debug_abbrev  0x00000b00      0x11e /home/jay/work/sources/jayos/os/fos_timer.o
 .debug_abbrev  0x00000c1e      0x183 /home/jay/work/sources/jayos/os/os_sem.o
 .debug_abbrev  0x00000da1      0x16b /home/jay/work/sources/jayos/os/os_mutex.o

.debug_aranges  0x00000000      0x1c0
 .debug_aranges
                0x00000000       0x20 /home/jay/work/sources/jayos/bsp/bootstrap.o
 .debug_aranges
                0x00000020       0x20 /home/jay/work/sources/jayos/bsp/exception_handlers.o
 .debug_aranges
                0x00000040       0x20 /home/jay/work/sources/jayos/bsp/aeabi.o
 .debug_aranges
                0x00000060       0x20 /home/jay/work/sources/jayos/bsp/gic.o
 .debug_aranges
                0x00000080       0x20 /home/jay/work/sources/jayos/bsp/uart.o
 .debug_aranges
                0x000000a0       0x20 /home/jay/work/sources/jayos/bsp/vsprintf.o
 .debug_aranges
                0x000000c0       0x20 /home/jay/work/sources/jayos/bsp/debug.o
 .debug_aranges
                0x000000e0       0x20 /home/jay/work/sources/jayos/usr/main.o
 .debug_aranges
                0x00000100       0x20 /home/jay/work/sources/jayos/usr/task2.o
 .debug_aranges
                0x00000120       0x20 /home/jay/work/sources/jayos/os/fos.o
 .debug_aranges
                0x00000140       0x20 /home/jay/work/sources/jayos/os/fosarm.o
 .debug_aranges
                0x00000160       0x20 /home/jay/work/sources/jayos/os/fos_timer.o
 .debug_aranges
                0x00000180       0x20 /home/jay/work/sources/jayos/os/os_sem.o
 .debug_aranges
                0x000001a0       0x20 /home/jay/work/sources/jayos/os/os_mutex.o

.debug_str      0x00000000      0xb7d
 .debug_str     0x00000000      0x142 /home/jay/work/sources/jayos/bsp/gic.o
                                0x16d (size before relaxing)
 .debug_str     0x00000142       0x37 /home/jay/work/sources/jayos/bsp/uart.o
                                 0xce (size before relaxing)
 .debug_str     0x00000179       0xfa /home/jay/work/sources/jayos/bsp/vsprintf.o
                                0x1dc (size before relaxing)
 .debug_str     0x00000273       0x38 /home/jay/work/sources/jayos/bsp/debug.o
                                0x141 (size before relaxing)
 .debug_str     0x000002ab      0x15c /home/jay/work/sources/jayos/usr/main.o
                                0x2cb (size before relaxing)
 .debug_str     0x00000407      0x2be /home/jay/work/sources/jayos/usr/task2.o
                                0x52c (size before relaxing)
 .debug_str     0x000006c5      0x3a9 /home/jay/work/sources/jayos/os/fos.o
                                0x66c (size before relaxing)
 .debug_str     0x00000a6e       0x73 /home/jay/work/sources/jayos/os/fos_timer.o
                                0x1e7 (size before relaxing)
 .debug_str     0x00000ae1       0x62 /home/jay/work/sources/jayos/os/os_sem.o
                                0x31b (size before relaxing)
 .debug_str     0x00000b43       0x3a /home/jay/work/sources/jayos/os/os_mutex.o
                                0x345 (size before relaxing)

.debug_frame    0x00000000      0x5ec
 .debug_frame   0x00000000       0x2c /home/jay/work/sources/jayos/bsp/gic.o
 .debug_frame   0x0000002c       0x20 /home/jay/work/sources/jayos/bsp/uart.o
 .debug_frame   0x0000004c       0xbc /home/jay/work/sources/jayos/bsp/vsprintf.o
 .debug_frame   0x00000108       0x4c /home/jay/work/sources/jayos/bsp/debug.o
 .debug_frame   0x00000154       0x38 /home/jay/work/sources/jayos/usr/main.o
 .debug_frame   0x0000018c       0xa0 /home/jay/work/sources/jayos/usr/task2.o
 .debug_frame   0x0000022c      0x22c /home/jay/work/sources/jayos/os/fos.o
 .debug_frame   0x00000458       0x80 /home/jay/work/sources/jayos/os/fos_timer.o
 .debug_frame   0x000004d8       0x9c /home/jay/work/sources/jayos/os/os_sem.o
 .debug_frame   0x00000574       0x78 /home/jay/work/sources/jayos/os/os_mutex.o

.debug_loc      0x00000000     0x161b
 .debug_loc     0x00000000       0x1f /home/jay/work/sources/jayos/bsp/uart.o
 .debug_loc     0x0000001f      0x8f4 /home/jay/work/sources/jayos/bsp/vsprintf.o
 .debug_loc     0x00000913       0x72 /home/jay/work/sources/jayos/bsp/debug.o
 .debug_loc     0x00000985       0x7e /home/jay/work/sources/jayos/usr/task2.o
 .debug_loc     0x00000a03      0x681 /home/jay/work/sources/jayos/os/fos.o
 .debug_loc     0x00001084       0x90 /home/jay/work/sources/jayos/os/fos_timer.o
 .debug_loc     0x00001114      0x252 /home/jay/work/sources/jayos/os/os_sem.o
 .debug_loc     0x00001366      0x2b5 /home/jay/work/sources/jayos/os/os_mutex.o

.debug_ranges   0x00000000      0x148
 .debug_ranges  0x00000000       0x28 /home/jay/work/sources/jayos/bsp/vsprintf.o
 .debug_ranges  0x00000028       0x18 /home/jay/work/sources/jayos/bsp/debug.o
 .debug_ranges  0x00000040       0x78 /home/jay/work/sources/jayos/os/fos.o
 .debug_ranges  0x000000b8       0x48 /home/jay/work/sources/jayos/os/os_sem.o
 .debug_ranges  0x00000100       0x48 /home/jay/work/sources/jayos/os/os_mutex.o
